/experiment/variants/patch/verl_speco/models/eagle/llama_eagle.py:39: UserWarning: flash_attn is not found, falling back to flex_attention. Please install flash_attn if you want to use the flash attention backend.
  warnings.warn(
/experiment/variants/patch/verl_speco/models/eagle/llama_eagle.py:39: UserWarning: flash_attn is not found, falling back to flex_attention. Please install flash_attn if you want to use the flash attention backend.
  warnings.warn(
rank=1 source=/experiment/variants/patch/verl_speco/backends/peagle_trainer_backend.py sha256=4571702bed953f3df1f4561f2a0b1b5597248cbeb91d4936b604835e3a3b0ceb
rank=0 source=/experiment/variants/patch/verl_speco/backends/peagle_trainer_backend.py sha256=4571702bed953f3df1f4561f2a0b1b5597248cbeb91d4936b604835e3a3b0ceb
/usr/local/lib/python3.12/dist-packages/torch/nn/attention/flex_attention.py:2481: UserWarning: flex_attention called without torch.compile() - this will use an unfused implementation that materializes the full scores matrix instead of generating a fused kernel.

SOLUTION: Use torch.compile(flex_attention)(...)

If you want to debug your score_mod/mask_mod, you can set:
torch.nn.attention.flex_attention._FLEX_ATTENTION_DISABLE_COMPILE_DEBUG = True

This will allow you to use print statements or breakpoints. Note: This doesn't work with the backwards pass and may produce incorrect results.
  _warn_once(
/usr/local/lib/python3.12/dist-packages/torch/nn/attention/flex_attention.py:2481: UserWarning: flex_attention called without torch.compile() - this will use an unfused implementation that materializes the full scores matrix instead of generating a fused kernel.

SOLUTION: Use torch.compile(flex_attention)(...)

If you want to debug your score_mod/mask_mod, you can set:
torch.nn.attention.flex_attention._FLEX_ATTENTION_DISABLE_COMPILE_DEBUG = True

This will allow you to use print statements or breakpoints. Note: This doesn't work with the backwards pass and may produce incorrect results.
  _warn_once(
FSDP2 rank=0: loss-normalized gradients and optimizer step PASS
FSDP2 rank=1: loss-normalized gradients and optimizer step PASS
