[INFO|/experiment/veomni-deps/veomni/ops/__init__.py:70] 09/19/2026 12:30:27 >> ✅ VeOmni attention patches applied.
[INFO|/experiment/veomni-deps/veomni/__init__.py:25] 09/19/2026 12:30:27 >> 
========== Environment Variables ==========
MODELING_BACKEND=veomni (source=default)
===========================================
[INFO|/experiment/veomni-deps/veomni/distributed/parallel_state.py:521] 09/19/2026 12:30:42 >> Initializing parallel state: dp_size 2, dp_replicate_size 1, dp_shard_size 2,tp_size 1, pp_size 1, cp_size 1, ulysses_size 1, ep_size 1
[INFO|/experiment/veomni-deps/veomni/distributed/parallel_state.py:603] 09/19/2026 12:30:42 >> Device mesh: DeviceMesh((dp_shard=2), 'cuda', stride=(1,))
[INFO|/experiment/veomni-deps/veomni/distributed/parallel_state.py:605] 09/19/2026 12:30:42 >> ep FSDP device mesh: None
/usr/local/lib/python3.12/dist-packages/torch/distributed/c10d_logger.py:83: UserWarning: barrier(): using the device under current context. You can specify `device_id` in `init_process_group` to mute this warning.
  return func(*args, **kwargs)
[rank0]:[W919 12:30:42.488785339 ProcessGroupNCCL.cpp:5276] Guessing device ID based on global rank. This can cause a hang if rank to GPU mapping is heterogeneous. You can specify device_id in init_process_group()
[INFO|/experiment/veomni-deps/veomni/distributed/torch_parallelize.py:457] 09/19/2026 12:30:44 >> Apply data parallel to the model: fsdp2.
[INFO|/experiment/veomni-deps/veomni/distributed/torch_parallelize.py:124] 09/19/2026 12:30:44 >> target classes to shard: {'PeagleFusedLayer', 'PeagleVanillaLayer'}
[INFO|/experiment/veomni-deps/veomni/distributed/torch_parallelize.py:193] 09/19/2026 12:30:44 >> extra_parallel layer pairs: {'draft_model.layers.0': (PeagleFusedLayer(
  (self_attn): PeagleAttention(
    (q_proj): Linear(in_features=64, out_features=32, bias=False)
    (k_proj): Linear(in_features=64, out_features=32, bias=False)
    (v_proj): Linear(in_features=64, out_features=32, bias=False)
    (o_proj): Linear(in_features=32, out_features=32, bias=False)
    (rotary_emb): LlamaRotaryEmbedding()
  )
  (mlp): PeagleMLP(
    (gate_proj): Linear(in_features=32, out_features=64, bias=False)
    (up_proj): Linear(in_features=32, out_features=64, bias=False)
    (down_proj): Linear(in_features=64, out_features=32, bias=False)
    (act_fn): SiLUActivation()
  )
  (input_layernorm): LlamaRMSNorm((32,), eps=1e-06)
  (hidden_norm): LlamaRMSNorm((32,), eps=1e-06)
  (post_attention_layernorm): LlamaRMSNorm((32,), eps=1e-06)
), {}), 'draft_model.layers.1': (PeagleVanillaLayer(
  (self_attn): PeagleAttention(
    (q_proj): Linear(in_features=32, out_features=32, bias=False)
    (k_proj): Linear(in_features=32, out_features=32, bias=False)
    (v_proj): Linear(in_features=32, out_features=32, bias=False)
    (o_proj): Linear(in_features=32, out_features=32, bias=False)
    (rotary_emb): LlamaRotaryEmbedding()
  )
  (mlp): PeagleMLP(
    (gate_proj): Linear(in_features=32, out_features=64, bias=False)
    (up_proj): Linear(in_features=32, out_features=64, bias=False)
    (down_proj): Linear(in_features=64, out_features=32, bias=False)
    (act_fn): SiLUActivation()
  )
  (input_layernorm): LlamaRMSNorm((32,), eps=1e-06)
  (post_attention_layernorm): LlamaRMSNorm((32,), eps=1e-06)
), {})}
[INFO|/experiment/veomni-deps/veomni/distributed/torch_parallelize.py:332] 09/19/2026 12:30:44 >> layer_fqn='draft_model.layers.0', layer_mod._fsdp_modules=[FSDPPeagleFusedLayer(
  (self_attn): PeagleAttention(
    (q_proj): Linear(in_features=64, out_features=32, bias=False)
    (k_proj): Linear(in_features=64, out_features=32, bias=False)
    (v_proj): Linear(in_features=64, out_features=32, bias=False)
    (o_proj): Linear(in_features=32, out_features=32, bias=False)
    (rotary_emb): LlamaRotaryEmbedding()
  )
  (mlp): PeagleMLP(
    (gate_proj): Linear(in_features=32, out_features=64, bias=False)
    (up_proj): Linear(in_features=32, out_features=64, bias=False)
    (down_proj): Linear(in_features=64, out_features=32, bias=False)
    (act_fn): SiLUActivation()
  )
  (input_layernorm): LlamaRMSNorm((32,), eps=1e-06)
  (hidden_norm): LlamaRMSNorm((32,), eps=1e-06)
  (post_attention_layernorm): LlamaRMSNorm((32,), eps=1e-06)
)]
[INFO|/experiment/veomni-deps/veomni/distributed/torch_parallelize.py:332] 09/19/2026 12:30:44 >> layer_fqn='draft_model.layers.1', layer_mod._fsdp_modules=[FSDPPeagleVanillaLayer(
  (self_attn): PeagleAttention(
    (q_proj): Linear(in_features=32, out_features=32, bias=False)
    (k_proj): Linear(in_features=32, out_features=32, bias=False)
    (v_proj): Linear(in_features=32, out_features=32, bias=False)
    (o_proj): Linear(in_features=32, out_features=32, bias=False)
    (rotary_emb): LlamaRotaryEmbedding()
  )
  (mlp): PeagleMLP(
    (gate_proj): Linear(in_features=32, out_features=64, bias=False)
    (up_proj): Linear(in_features=32, out_features=64, bias=False)
    (down_proj): Linear(in_features=64, out_features=32, bias=False)
    (act_fn): SiLUActivation()
  )
  (input_layernorm): LlamaRMSNorm((32,), eps=1e-06)
  (post_attention_layernorm): LlamaRMSNorm((32,), eps=1e-06)
)]
[INFO|/experiment/veomni-deps/veomni/distributed/torch_parallelize.py:369] 09/19/2026 12:30:44 >> starting to load model weights from /experiment/evidence/l20-20260919/veomni-oracle-checkpoint...
[INFO|/experiment/veomni-deps/veomni/distributed/torch_parallelize.py:391] 09/19/2026 12:30:44 >> Every rank would read weights from disk and expect this to be slow!
Loading checkpoint shards:   0%|          | 0/1 [00:00<?, ?it/s]Loading checkpoint shards: 100%|██████████| 1/1 [00:00<00:00,  4.07it/s]Loading checkpoint shards: 100%|██████████| 1/1 [00:00<00:00,  4.06it/s]
/usr/local/lib/python3.12/dist-packages/torch/nn/attention/flex_attention.py:2481: UserWarning: flex_attention called without torch.compile() - this will use an unfused implementation that materializes the full scores matrix instead of generating a fused kernel.

SOLUTION: Use torch.compile(flex_attention)(...)

If you want to debug your score_mod/mask_mod, you can set:
torch.nn.attention.flex_attention._FLEX_ATTENTION_DISABLE_COMPILE_DEBUG = True

This will allow you to use print statements or breakpoints. Note: This doesn't work with the backwards pass and may produce incorrect results.
  _warn_once(
/usr/local/lib/python3.12/dist-packages/torch/nn/attention/flex_attention.py:2481: UserWarning: flex_attention called without torch.compile() - this will use an unfused implementation that materializes the full scores matrix instead of generating a fused kernel.

SOLUTION: Use torch.compile(flex_attention)(...)

If you want to debug your score_mod/mask_mod, you can set:
torch.nn.attention.flex_attention._FLEX_ATTENTION_DISABLE_COMPILE_DEBUG = True

This will allow you to use print statements or breakpoints. Note: This doesn't work with the backwards pass and may produce incorrect results.
  _warn_once(
VeOmni rank=0: checkpoint, buffers, loss, gradients, optimizer PASSVeOmni rank=1: checkpoint, buffers, loss, gradients, optimizer PASS

